
> angular-movies-app@0.0.0 e2e
> cypress run


cmd : 
No linha:1 caractere:1
+ cmd /c npm run e2e > test-output.txt 2>&1
+ ~~~~~~~~~~~~~~~~~~~~~~~~~~~~~~~~~~~~~~~~~
    + CategoryInfo          : NotSpecified: (:String) [], RemoteException
    + FullyQualifiedErrorId : NativeCommandError
 
DevTools listening on 
ws://127.0.0.1:52357/devtools/browser/11187769-d562-4c8a-8e96-a94af5fbd1ed
Missing baseUrl in compilerOptions. tsconfig-paths will be skipped

====================================================================================================

  (Run Starting)

  ÔöîÔöÇÔöÇÔöÇÔöÇÔöÇÔöÇÔöÇÔöÇÔöÇÔöÇÔöÇÔöÇÔöÇÔöÇÔöÇÔöÇÔöÇÔöÇÔöÇÔöÇÔöÇÔöÇÔöÇÔöÇÔöÇÔöÇÔöÇÔöÇÔöÇÔöÇÔöÇÔöÇÔöÇÔöÇÔöÇÔöÇÔöÇÔöÇÔöÇÔöÇÔöÇÔöÇÔöÇÔöÇÔöÇÔöÇÔöÇÔöÇÔöÇÔöÇÔöÇÔöÇÔöÇÔöÇÔöÇÔöÇÔöÇÔöÇÔöÇÔöÇÔöÇÔöÇÔöÇÔöÇÔöÇÔöÇÔöÇÔöÇÔöÇÔöÇÔöÇÔöÇÔöÇÔöÇÔöÇÔöÇÔöÇÔöÇÔöÇÔöÇÔöÇÔöÇÔöÇÔöÇÔöÇÔöÇÔöÇÔöÇÔöÇÔöÇÔöÇÔöÇÔöÇÔöÇÔöÇÔöÇÔöÉ
  Ôöé Cypress:        13.17.0                                                                        Ôöé
  Ôöé Browser:        Electron 118 (headless)                                                        Ôöé
  Ôöé Node Version:   v20.20.0 (C:\nvm4w\nodejs\node.exe)                                            Ôöé
  Ôöé Specs:          1 found (search-batman.cy.ts)                                                  Ôöé
  Ôöé Searched:       cypress/e2e/**/*.cy.{js,jsx,ts,tsx}                                            Ôöé
  ÔööÔöÇÔöÇÔöÇÔöÇÔöÇÔöÇÔöÇÔöÇÔöÇÔöÇÔöÇÔöÇÔöÇÔöÇÔöÇÔöÇÔöÇÔöÇÔöÇÔöÇÔöÇÔöÇÔöÇÔöÇÔöÇÔöÇÔöÇÔöÇÔöÇÔöÇÔöÇÔöÇÔöÇÔöÇÔöÇÔöÇÔöÇÔöÇÔöÇÔöÇÔöÇÔöÇÔöÇÔöÇÔöÇÔöÇÔöÇÔöÇÔöÇÔöÇÔöÇÔöÇÔöÇÔöÇÔöÇÔöÇÔöÇÔöÇÔöÇÔöÇÔöÇÔöÇÔöÇÔöÇÔöÇÔöÇÔöÇÔöÇÔöÇÔöÇÔöÇÔöÇÔöÇÔöÇÔöÇÔöÇÔöÇÔöÇÔöÇÔöÇÔöÇÔöÇÔöÇÔöÇÔöÇÔöÇÔöÇÔöÇÔöÇÔöÇÔöÇÔöÇÔöÇÔöÇÔöÇÔöÇÔöÿ


ÔöÇÔöÇÔöÇÔöÇÔöÇÔöÇÔöÇÔöÇÔöÇÔöÇÔöÇÔöÇÔöÇÔöÇÔöÇÔöÇÔöÇÔöÇÔöÇÔöÇÔöÇÔöÇÔöÇÔöÇÔöÇÔöÇÔöÇÔöÇÔöÇÔöÇÔöÇÔöÇÔöÇÔöÇÔöÇÔöÇÔöÇÔöÇÔöÇÔöÇÔöÇÔöÇÔöÇÔöÇÔöÇÔöÇÔöÇÔöÇÔöÇÔöÇÔöÇÔöÇÔöÇÔöÇÔöÇÔöÇÔöÇÔöÇÔöÇÔöÇÔöÇÔöÇÔöÇÔöÇÔöÇÔöÇÔöÇÔöÇÔöÇÔöÇÔöÇÔöÇÔöÇÔöÇÔöÇÔöÇÔöÇÔöÇÔöÇÔöÇÔöÇÔöÇÔöÇÔöÇÔöÇÔöÇÔöÇÔöÇÔöÇÔöÇÔöÇÔöÇÔöÇÔöÇÔöÇÔöÇÔöÇÔöÇÔöÇÔöÇ
                                                                                                    
  Running:  search-batman.cy.ts                                                             (1 of 1)


  Movie Search - Batman
    ÔêÜ should load the search page successfully (1170ms)
    ÔêÜ should display the search input field (95ms)
    1) should search for batman and display results
    2) should display batman movie cards with correct information
    3) should display movie poster images or placeholder
    4) should allow interaction with search results - Details button
    5) should allow selecting multiple movies
    6) should display error message for input less than 3 characters
    7) should validate minimum 3 characters requirement when clearing and retyping
    8) should show "Add to Collection" button when movies are selected
    9) should display pagination controls for large result sets
    10) should handle search with Enter key
    11) should clear search results when input is cleared


  2 passing (2m)
  11 failing

  1) Movie Search - Batman
       should search for batman and display results:
     AssertionError: Timed out retrying after 10000ms: Expected to find element: `.movies-grid`, but never found it.
      at Context.eval (webpack://angular-movies-app/./cypress/e2e/search-batman.cy.ts:135:49)

  2) Movie Search - Batman
       should display batman movie cards with correct information:
     AssertionError: Timed out retrying after 10000ms: Expected to find element: `.movies-grid`, but never found it.
      at Context.eval (webpack://angular-movies-app/./cypress/e2e/search-batman.cy.ts:148:49)

  3) Movie Search - Batman
       should display movie poster images or placeholder:
     AssertionError: Timed out retrying after 10000ms: Expected to find element: `.movies-grid`, but never found it.
      at Context.eval (webpack://angular-movies-app/./cypress/e2e/search-batman.cy.ts:168:49)

  4) Movie Search - Batman
       should allow interaction with search results - Details button:
     AssertionError: Timed out retrying after 10000ms: Expected to find element: `.movies-grid`, but never found it.
      at Context.eval (webpack://angular-movies-app/./cypress/e2e/search-batman.cy.ts:183:49)

  5) Movie Search - Batman
       should allow selecting multiple movies:
     AssertionError: Timed out retrying after 10000ms: Expected to find element: `.movies-grid`, but never found it.
      at Context.eval (webpack://angular-movies-app/./cypress/e2e/search-batman.cy.ts:198:49)

  6) Movie Search - Batman
       should display error message for input less than 3 characters:
     AssertionError: Timed out retrying after 10000ms: Expected to find content: 'Minimum 3 characters' within the selector: 'mat-error' but never did.
      at Context.eval (webpack://angular-movies-app/./cypress/e2e/search-batman.cy.ts:217:0)

  7) Movie Search - Batman
       should validate minimum 3 characters requirement when clearing and retyping:
     AssertionError: Timed out retrying after 10000ms: Expected to find element: `.movies-grid`, but never found it.
      at Context.eval (webpack://angular-movies-app/./cypress/e2e/search-batman.cy.ts:230:49)

  8) Movie Search - Batman
       should show "Add to Collection" button when movies are selected:
     AssertionError: Timed out retrying after 10000ms: Expected to find element: `.movies-grid`, but never found it.
      at Context.eval (webpack://angular-movies-app/./cypress/e2e/search-batman.cy.ts:247:49)

  9) Movie Search - Batman
       should display pagination controls for large result sets:
     AssertionError: Timed out retrying after 10000ms: Expected to find element: `.movies-grid`, but never found it.
      at Context.eval (webpack://angular-movies-app/./cypress/e2e/search-batman.cy.ts:270:49)

  10) Movie Search - Batman
       should handle search with Enter key:
     AssertionError: Timed out retrying after 10000ms: Expected to find element: `.movies-grid`, but never found it.
      at Context.eval (webpack://angular-movies-app/./cypress/e2e/search-batman.cy.ts:284:49)

  11) Movie Search - Batman
       should clear search results when input is cleared:
     AssertionError: Timed out retrying after 10000ms: Expected to find element: `.movies-grid`, but never found it.
      at Context.eval (webpack://angular-movies-app/./cypress/e2e/search-batman.cy.ts:297:49)




  (Results)

  ÔöîÔöÇÔöÇÔöÇÔöÇÔöÇÔöÇÔöÇÔöÇÔöÇÔöÇÔöÇÔöÇÔöÇÔöÇÔöÇÔöÇÔöÇÔöÇÔöÇÔöÇÔöÇÔöÇÔöÇÔöÇÔöÇÔöÇÔöÇÔöÇÔöÇÔöÇÔöÇÔöÇÔöÇÔöÇÔöÇÔöÇÔöÇÔöÇÔöÇÔöÇÔöÇÔöÇÔöÇÔöÇÔöÇÔöÇÔöÇÔöÇÔöÇÔöÇÔöÇÔöÇÔöÇÔöÇÔöÇÔöÇÔöÇÔöÇÔöÇÔöÇÔöÇÔöÇÔöÇÔöÇÔöÇÔöÇÔöÇÔöÇÔöÇÔöÇÔöÇÔöÇÔöÇÔöÇÔöÇÔöÇÔöÇÔöÇÔöÇÔöÇÔöÇÔöÇÔöÇÔöÇÔöÇÔöÇÔöÇÔöÇÔöÇÔöÇÔöÇÔöÇÔöÇÔöÇÔöÇÔöÇÔöÉ
  Ôöé Tests:        13                                                                               Ôöé
  Ôöé Passing:      2                                                                                Ôöé
  Ôöé Failing:      11                                                                               Ôöé
  Ôöé Pending:      0                                                                                Ôöé
  Ôöé Skipped:      0                                                                                Ôöé
  Ôöé Screenshots:  11                                                                               Ôöé
  Ôöé Video:        false                                                                            Ôöé
  Ôöé Duration:     2 minutes, 8 seconds                                                             Ôöé
  Ôöé Spec Ran:     search-batman.cy.ts                                                              Ôöé
  ÔööÔöÇÔöÇÔöÇÔöÇÔöÇÔöÇÔöÇÔöÇÔöÇÔöÇÔöÇÔöÇÔöÇÔöÇÔöÇÔöÇÔöÇÔöÇÔöÇÔöÇÔöÇÔöÇÔöÇÔöÇÔöÇÔöÇÔöÇÔöÇÔöÇÔöÇÔöÇÔöÇÔöÇÔöÇÔöÇÔöÇÔöÇÔöÇÔöÇÔöÇÔöÇÔöÇÔöÇÔöÇÔöÇÔöÇÔöÇÔöÇÔöÇÔöÇÔöÇÔöÇÔöÇÔöÇÔöÇÔöÇÔöÇÔöÇÔöÇÔöÇÔöÇÔöÇÔöÇÔöÇÔöÇÔöÇÔöÇÔöÇÔöÇÔöÇÔöÇÔöÇÔöÇÔöÇÔöÇÔöÇÔöÇÔöÇÔöÇÔöÇÔöÇÔöÇÔöÇÔöÇÔöÇÔöÇÔöÇÔöÇÔöÇÔöÇÔöÇÔöÇÔöÇÔöÇÔöÇÔöÇÔöÿ


  (Screenshots)

  -  C:\code-projects\angular-movies-app\cypress\screenshots\search-batman.cy.ts\Movi     (1280x720)
     e Search - Batman -- should search for batman and display results (failed).png                 
  -  C:\code-projects\angular-movies-app\cypress\screenshots\search-batman.cy.ts\Movi     (1280x720)
     e Search - Batman -- should display batman movie cards with correct information                
     (failed).png                                                                                   
  -  C:\code-projects\angular-movies-app\cypress\screenshots\search-batman.cy.ts\Movi     (1280x720)
     e Search - Batman -- should display movie poster images or placeholder (failed).               
     png                                                                                            
  -  C:\code-projects\angular-movies-app\cypress\screenshots\search-batman.cy.ts\Movi     (1280x720)
     e Search - Batman -- should allow interaction with search results - Details butt               
     on (failed).png                                                                                
  -  C:\code-projects\angular-movies-app\cypress\screenshots\search-batman.cy.ts\Movi     (1280x720)
     e Search - Batman -- should allow selecting multiple movies (failed).png                       
  -  C:\code-projects\angular-movies-app\cypress\screenshots\search-batman.cy.ts\Movi     (1280x720)
     e Search - Batman -- should display error message for input less than 3 characte               
     rs (failed).png                                                                                
  -  C:\code-projects\angular-movies-app\cypress\screenshots\search-batman.cy.ts\Movi     (1280x720)
     e Search - Batman -- should validate minimum 3 characters requirement when clear               
     ing and retyping (failed).png                                                                  
  -  C:\code-projects\angular-movies-app\cypress\screenshots\search-batman.cy.ts\Movi     (1280x720)
     e Search - Batman -- should show Add to Collection button when movies are select               
     ed (failed) (1).png                                                                            
  -  C:\code-projects\angular-movies-app\cypress\screenshots\search-batman.cy.ts\Movi     (1280x720)
     e Search - Batman -- should display pagination controls for large result sets (f               
     ailed) (1).png                                                                                 
  -  C:\code-projects\angular-movies-app\cypress\screenshots\search-batman.cy.ts\Movi     (1280x720)
     e Search - Batman -- should handle search with Enter key (failed) (2).png                      
  -  C:\code-projects\angular-movies-app\cypress\screenshots\search-batman.cy.ts\Movi     (1280x720)
     e Search - Batman -- should clear search results when input is cleared (failed)                
     (2).png                                                                                        


====================================================================================================

  (Run Finished)


       Spec                                              Tests  Passing  Failing  Pending  Skipped  
  ÔöîÔöÇÔöÇÔöÇÔöÇÔöÇÔöÇÔöÇÔöÇÔöÇÔöÇÔöÇÔöÇÔöÇÔöÇÔöÇÔöÇÔöÇÔöÇÔöÇÔöÇÔöÇÔöÇÔöÇÔöÇÔöÇÔöÇÔöÇÔöÇÔöÇÔöÇÔöÇÔöÇÔöÇÔöÇÔöÇÔöÇÔöÇÔöÇÔöÇÔöÇÔöÇÔöÇÔöÇÔöÇÔöÇÔöÇÔöÇÔöÇÔöÇÔöÇÔöÇÔöÇÔöÇÔöÇÔöÇÔöÇÔöÇÔöÇÔöÇÔöÇÔöÇÔöÇÔöÇÔöÇÔöÇÔöÇÔöÇÔöÇÔöÇÔöÇÔöÇÔöÇÔöÇÔöÇÔöÇÔöÇÔöÇÔöÇÔöÇÔöÇÔöÇÔöÇÔöÇÔöÇÔöÇÔöÇÔöÇÔöÇÔöÇÔöÇÔöÇÔöÇÔöÇÔöÇÔöÇÔöÇÔöÉ
  Ôöé ├ù  search-batman.cy.ts                      02:08       13        2       11        -        - Ôöé
  ÔööÔöÇÔöÇÔöÇÔöÇÔöÇÔöÇÔöÇÔöÇÔöÇÔöÇÔöÇÔöÇÔöÇÔöÇÔöÇÔöÇÔöÇÔöÇÔöÇÔöÇÔöÇÔöÇÔöÇÔöÇÔöÇÔöÇÔöÇÔöÇÔöÇÔöÇÔöÇÔöÇÔöÇÔöÇÔöÇÔöÇÔöÇÔöÇÔöÇÔöÇÔöÇÔöÇÔöÇÔöÇÔöÇÔöÇÔöÇÔöÇÔöÇÔöÇÔöÇÔöÇÔöÇÔöÇÔöÇÔöÇÔöÇÔöÇÔöÇÔöÇÔöÇÔöÇÔöÇÔöÇÔöÇÔöÇÔöÇÔöÇÔöÇÔöÇÔöÇÔöÇÔöÇÔöÇÔöÇÔöÇÔöÇÔöÇÔöÇÔöÇÔöÇÔöÇÔöÇÔöÇÔöÇÔöÇÔöÇÔöÇÔöÇÔöÇÔöÇÔöÇÔöÇÔöÇÔöÇÔöÇÔöÿ
    ├ù  1 of 1 failed (100%)                     02:08       13        2       11        -        -  

